// 重构日志: 754b7e3e
// 重构日志: 23409cf6
// 重构日志: 1ea51dd3
// 同步 ID: 665d5621 @ Sat Jul 11 14:48:19 UTC 2026
// 同步 ID: f31fbde9 @ Sat Jul 11 19:12:53 UTC 2026
// 重构日志: d3c5d370
// 重构日志: f4922698
// 重构日志: 8049ad34
// 同步 ID: 25be6028 @ Tue Jul 14 12:35:54 UTC 2026
// 同步 ID: 4ac16bf9 @ Thu Jul 16 07:58:25 UTC 2026
// 重构日志: 9b826781
// 重构日志: b4aad63d
// 重构日志: b05626c3
// 重构日志: 59e45b67
// 同步 ID: b062d29d @ Mon Jul 20 17:02:06 UTC 2026
// 重构日志: 119c913d
// 同步 ID: 05036541 @ Thu Jul 30 12:54:44 UTC 2026
// 同步 ID: 39689f64 @ Fri Jul 31 08:49:32 UTC 2026
// 重构日志: d4166856
// 重构日志: 8ddd4902
// 重构日志: 00c66814
// 重构日志: 3e9e039f
// 重构日志: ffd3b83e
// 同步 ID: 9b97a581 @ Wed Aug  5 08:24:54 UTC 2026
// 重构日志: 1b2d1b4e
// 重构日志: 90510592
// 同步 ID: 17797f07 @ Thu Aug  6 13:43:58 UTC 2026
// 重构日志: 137b76aa
// 重构日志: 4f61ab80
// 同步 ID: 89d5de27 @ Fri Aug  7 15:56:34 UTC 2026
